<?xml version="1.0" encoding="UTF-8"?>
<TestRun id="0da9e924-25e7-4c86-a42e-4546c7f6cf06" name="Administrator@GAONING 2015-05-07 19:47:38" runUser="GAONING\Administrator" xmlns="http://microsoft.com/schemas/VisualStudio/TeamTest/2010">
  <TestSettings name="本地" id="f9fd48d1-c9fe-4718-bec1-f77f5b837af4">
    <Description>这些设置为本地测试运行的默认测试设置。</Description>
    <Deployment enabled="false" runDeploymentRoot="Administrator_GAONING 2015-05-07 19_47_38">
      <DeploymentItem filename="C:\Users\Administrator\Desktop\G1mist.CMS_Repository\G1mist.CMS\G1mist.CMS.UI.Potal\bin\G1mist.CMS.UI.Potal.dll" />
      <DeploymentItem filename="C:\Users\Administrator\Desktop\G1mist.CMS_Repository\G1mist.CMS\G1mist.CMS.Repository\bin\Debug\G1mist.CMS.Repository.dll" />
      <DeploymentItem filename="C:\Users\Administrator\Desktop\G1mist.CMS_Repository\G1mist.CMS\G1mist.CMS.Modal\bin\Debug\G1mist.CMS.Modal.dll" />
      <DeploymentItem filename="C:\Users\Administrator\Desktop\G1mist.CMS_Repository\G1mist.CMS\G1mist.CMS.IRepository\bin\Debug\G1mist.CMS.IRepository.dll" />
    </Deployment>
    <Execution>
      <TestTypeSpecific />
      <AgentRule name="Execution Agents">
      </AgentRule>
    </Execution>
  </TestSettings>
  <Times creation="2015-05-07T19:47:38.3682052+08:00" queuing="2015-05-07T19:47:38.3932066+08:00" start="2015-05-07T19:47:38.4332089+08:00" finish="2015-05-07T19:47:38.6522214+08:00" />
  <ResultSummary outcome="Failed">
    <Counters total="1" executed="1" error="0" failed="1" timeout="0" aborted="0" inconclusive="0" passedButRunAborted="0" notRunnable="0" notExecuted="0" disconnected="0" warning="0" passed="0" completed="0" inProgress="0" pending="0" />
  </ResultSummary>
  <TestDefinitions>
    <UnitTest name="TestMethod1" storage="c:\users\administrator\desktop\g1mist.cms_repository\g1mist.cms\unittestefandmysql\bin\debug\unittestefandmysql.dll" id="253c2b70-479d-4298-477e-1d1818895cc6">
      <Execution id="d27f12a4-49a4-4b0e-908c-7f52fff57ee0" />
      <TestMethod codeBase="C:/Users/Administrator/Desktop/G1mist.CMS_Repository/G1mist.CMS/UnitTestEFAndMySql/bin/Debug/UnitTestEFAndMySql.DLL" adapterTypeName="Microsoft.VisualStudio.TestTools.TestTypes.Unit.UnitTestAdapter, Microsoft.VisualStudio.QualityTools.Tips.UnitTest.Adapter, Version=10.0.0.0, Culture=neutral, PublicKeyToken=b03f5f7f11d50a3a" className="UnitTestEFAndMySql.efmysql, UnitTestEFAndMySql, Version=1.0.0.0, Culture=neutral, PublicKeyToken=null" name="TestMethod1" />
    </UnitTest>
  </TestDefinitions>
  <TestLists>
    <TestList name="列表中未列出的结果" id="8c84fa94-04c1-424b-9868-57a2d4851a1d" />
    <TestList name="所有已加载的结果" id="19431567-8539-422a-85d7-44ee4e166bda" />
  </TestLists>
  <TestEntries>
    <TestEntry testId="253c2b70-479d-4298-477e-1d1818895cc6" executionId="d27f12a4-49a4-4b0e-908c-7f52fff57ee0" testListId="8c84fa94-04c1-424b-9868-57a2d4851a1d" />
  </TestEntries>
  <Results>
    <UnitTestResult executionId="d27f12a4-49a4-4b0e-908c-7f52fff57ee0" testId="253c2b70-479d-4298-477e-1d1818895cc6" testName="TestMethod1" computerName="GAONING" duration="00:00:00.0442303" startTime="2015-05-07T19:47:38.4332089+08:00" endTime="2015-05-07T19:47:38.6392207+08:00" testType="13cdc9d9-ddb5-4fa4-a97d-d965ccfc6d4b" outcome="Failed" testListId="8c84fa94-04c1-424b-9868-57a2d4851a1d" relativeResultsDirectory="d27f12a4-49a4-4b0e-908c-7f52fff57ee0">
      <Output>
        <ErrorInfo>
          <Message>测试方法 UnitTestEFAndMySql.efmysql.TestMethod1 引发了异常: 
System.NullReferenceException: 未将对象引用设置到对象的实例。</Message>
          <StackTrace>    在 G1mist.CMS.UI.Potal.Areas.Admin.Controllers.UserController.DoAdd(tb_sales_user user) 位置 C:\Users\Administrator\Desktop\G1mist.CMS_Repository\G1mist.CMS\G1mist.CMS.UI.Potal\Areas\Admin\Controllers\UserController.cs:行号 357
   在 UnitTestEFAndMySql.efmysql.TestMethod1() 位置 C:\Users\Administrator\Desktop\G1mist.CMS_Repository\G1mist.CMS\UnitTestEFAndMySql\efmysql.cs:行号 70
</StackTrace>
        </ErrorInfo>
      </Output>
    </UnitTestResult>
  </Results>
</TestRun>